
Memory Configuration

Name             Origin             Length             Attributes
FLASH            0x0000000000050000 0x0000000000100000 xr
RAM              0x0000000000000000 0x0000000000002000 xrw
*default*        0x0000000000000000 0xffffffffffffffff

Linker script and memory map


.text           0x0000000000050000      0x254
                0x0000000000050000                . = ALIGN (0x4)
 *(.text)
 .text          0x0000000000050000      0x16a /tmp/ccSwAEs8.o
 .text          0x000000000005016a       0xe4 /tmp/ccY9nFh7.o
                0x000000000005016a                set_irq_mask
                0x0000000000050170                putchar
                0x00000000000501a2                print
                0x00000000000501d8                main
 *(.text*)
 *(.rodata)
 *fill*         0x000000000005024e        0x2 
 .rodata        0x0000000000050250        0x4 /tmp/ccY9nFh7.o
 *(.rodata*)
 *(.srodata)
 *(.srodata*)
 *(.eh_frame)
 *(.eh_frame*)
                0x0000000000050254                . = ALIGN (0x4)
                0x0000000000050254                _etext = .
                0x0000000000050254                _sidata = _etext

.rela.dyn       0x0000000000050254        0x0
 .rela.text     0x0000000000050254        0x0 /tmp/ccSwAEs8.o

.data           0x0000000000000000       0x14 load address 0x0000000000050254
                0x0000000000000000                . = ALIGN (0x4)
                0x0000000000000000                _sdata = .
                0x0000000000000000                _ram_start = .
 *(.data)
 .data          0x0000000000000000       0x14 /tmp/ccSwAEs8.o
 .data          0x0000000000000014        0x0 /tmp/ccY9nFh7.o
 *(.data*)
 *(.sdata)
 *(.sdata*)
 *(.init_array)
 *(.init_array*)
                0x0000000000000014                . = ALIGN (0x4)
                0x0000000000000014                _edata = .

.bss            0x0000000000000014        0x0 load address 0x0000000000050268
                0x0000000000000014                . = ALIGN (0x4)
                0x0000000000000014                _sbss = .
 *(.bss)
 .bss           0x0000000000000014        0x0 /tmp/ccSwAEs8.o
 .bss           0x0000000000000014        0x0 /tmp/ccY9nFh7.o
 *(.bss*)
 *(.sbss)
 *(.sbss*)
 *(COMMON)
                0x0000000000000014                . = ALIGN (0x4)
                0x0000000000000014                _ebss = .

.heap           0x0000000000000014        0x0
                0x0000000000000014                . = ALIGN (0x4)
                0x0000000000000014                _heap_start = .
LOAD /tmp/ccSwAEs8.o
LOAD /tmp/ccY9nFh7.o
OUTPUT(firmware.elf elf32-littleriscv)

.comment        0x0000000000000000       0x11
 .comment       0x0000000000000000       0x11 /tmp/ccY9nFh7.o
                                         0x12 (size before relaxing)

Cross Reference Table

Symbol                                            File
_ebss                                             /tmp/ccY9nFh7.o
_sbss                                             /tmp/ccY9nFh7.o
debug                                             /tmp/ccSwAEs8.o
main                                              /tmp/ccY9nFh7.o
                                                  /tmp/ccSwAEs8.o
print                                             /tmp/ccY9nFh7.o
putchar                                           /tmp/ccY9nFh7.o
set_irq_mask                                      /tmp/ccY9nFh7.o
